// Jest Snapshot v1, https://goo.gl/fbAQLP

exports[`components/molecules/Search/SelectBlock 正常に表示される 1`] = `
<DocumentFragment>
  <div
    class="block sectionBar"
  >
    <div
      class="content"
    >
      <p
        class="label"
      >
        徒歩
      </p>
      <div>
        <select>
          <option
            value="10"
          >
            10
          </option>
          <option
            value="20"
          >
            20
          </option>
          <option
            value="30"
          >
            30
          </option>
        </select>
      </div>
      <p
        class="unit"
      >
        分
      </p>
    </div>
  </div>
</DocumentFragment>
`;
