// Jest Snapshot v1, https://goo.gl/fbAQLP

exports[`components/commons/PageLoading 正常に表示される 1`] = `
<DocumentFragment>
  <div
    class="skCircleFade"
  >
    <div
      class="skCircleFadeDot"
    />
    <div
      class="skCircleFadeDot"
    />
    <div
      class="skCircleFadeDot"
    />
    <div
      class="skCircleFadeDot"
    />
    <div
      class="skCircleFadeDot"
    />
    <div
      class="skCircleFadeDot"
    />
    <div
      class="skCircleFadeDot"
    />
    <div
      class="skCircleFadeDot"
    />
    <div
      class="skCircleFadeDot"
    />
    <div
      class="skCircleFadeDot"
    />
    <div
      class="skCircleFadeDot"
    />
    <div
      class="skCircleFadeDot"
    />
  </div>
</DocumentFragment>
`;
