// Jest Snapshot v1, https://goo.gl/fbAQLP

exports[`components/pages/commute/stations/FloatCTA 正常に表示される 1`] = `
<DocumentFragment>
  <section
    class="container"
  >
    <div
      class="children"
    >
      <button>
        会員登録
      </button>
    </div>
  </section>
</DocumentFragment>
`;
