// Jest Snapshot v1, https://goo.gl/fbAQLP

exports[`components/molecules/Search/Container 正常に表示される 1`] = `
<DocumentFragment>
  <section>
    <div
      class="container"
    >
      <div
        class="pcOnly"
      >
        <div
          class="title"
        >
          <p>
            絞り込み条件
          </p>
        </div>
      </div>
      <div
        class="spOnly"
      >
        <button
          class="title"
        >
          <div
            style="display: inline-block; max-width: 100%; overflow: hidden; position: relative; box-sizing: border-box; margin: 0px;"
          >
            <div
              style="box-sizing: border-box; display: block; max-width: 100%;"
            >
              <img
                alt=""
                aria-hidden="true"
                src="data:image/svg+xml;base64,PHN2ZyB3aWR0aD0iMjAiIGhlaWdodD0iMjAiIHhtbG5zPSJodHRwOi8vd3d3LnczLm9yZy8yMDAwL3N2ZyIgdmVyc2lvbj0iMS4xIi8+"
                style="max-width: 100%; display: block; margin: 0px; padding: 0px;"
              />
            </div>
            <noscript />
            <img
              alt="option"
              data-nimg="true"
              decoding="async"
              src="data:image/gif;base64,R0lGODlhAQABAIAAAAAAAP///yH5BAEAAAAALAAAAAABAAEAAAIBRAA7"
              style="position: absolute; top: 0px; left: 0px; bottom: 0px; right: 0px; box-sizing: border-box; padding: 0px; margin: auto; display: block; width: 0px; height: 0px; min-width: 100%; max-width: 100%; min-height: 100%; max-height: 100%;"
            />
          </div>
          <p>
            絞り込み条件
          </p>
          <div
            class="toggler"
          >
            <span
              class="open"
            />
          </div>
        </button>
      </div>
      <div
        class="body visible"
      >
        <span>
          button
        </span>
      </div>
    </div>
  </section>
</DocumentFragment>
`;
