// Jest Snapshot v1, https://goo.gl/fbAQLP

exports[`components/pages/mansions/SeismicSafety 正常に表示される 1`] = `
<DocumentFragment>
  <section
    class="container"
  >
    <h3>
      <div
        class="heading"
      >
        <span
          class="inner"
        >
          耐震性
        </span>
      </div>
    </h3>
    <p
      class="info"
    />
    <table
      class="table"
    >
      <tbody>
        <tr>
          <th
            class=""
          >
            <div
              class="image"
            >
              <div
                style="display: inline-block; max-width: 100%; overflow: hidden; position: relative; box-sizing: border-box; margin: 0px;"
              >
                <div
                  style="box-sizing: border-box; display: block; max-width: 100%;"
                >
                  <img
                    alt=""
                    aria-hidden="true"
                    src="data:image/svg+xml;base64,PHN2ZyB3aWR0aD0iMzUiIGhlaWdodD0iMzYiIHhtbG5zPSJodHRwOi8vd3d3LnczLm9yZy8yMDAwL3N2ZyIgdmVyc2lvbj0iMS4xIi8+"
                    style="max-width: 100%; display: block; margin: 0px; padding: 0px;"
                  />
                </div>
                <noscript />
                <img
                  alt="旧耐性基準"
                  data-nimg="true"
                  decoding="async"
                  src="data:image/gif;base64,R0lGODlhAQABAIAAAAAAAP///yH5BAEAAAAALAAAAAABAAEAAAIBRAA7"
                  style="position: absolute; top: 0px; left: 0px; bottom: 0px; right: 0px; box-sizing: border-box; padding: 0px; margin: auto; display: block; width: 0px; height: 0px; min-width: 100%; max-width: 100%; min-height: 100%; max-height: 100%;"
                />
              </div>
            </div>
            旧耐性基準
          </th>
          <td>
            中規模の地震（震度５強）程度が発生した際に「建物が倒壊しないこと」を基準に定められています。
            <br />
            耐震性が気になるのであれば、耐震補強工事などを検討してみても良いでしょう。
          </td>
        </tr>
        <tr>
          <th
            class="hasSafety"
          >
            <div
              class="image"
            >
              <div
                style="display: inline-block; max-width: 100%; overflow: hidden; position: relative; box-sizing: border-box; margin: 0px;"
              >
                <div
                  style="box-sizing: border-box; display: block; max-width: 100%;"
                >
                  <img
                    alt=""
                    aria-hidden="true"
                    src="data:image/svg+xml;base64,PHN2ZyB3aWR0aD0iNDAiIGhlaWdodD0iMzYiIHhtbG5zPSJodHRwOi8vd3d3LnczLm9yZy8yMDAwL3N2ZyIgdmVyc2lvbj0iMS4xIi8+"
                    style="max-width: 100%; display: block; margin: 0px; padding: 0px;"
                  />
                </div>
                <noscript />
                <img
                  alt="新耐性基準"
                  data-nimg="true"
                  decoding="async"
                  src="data:image/gif;base64,R0lGODlhAQABAIAAAAAAAP///yH5BAEAAAAALAAAAAABAAEAAAIBRAA7"
                  style="position: absolute; top: 0px; left: 0px; bottom: 0px; right: 0px; box-sizing: border-box; padding: 0px; margin: auto; display: block; width: 0px; height: 0px; min-width: 100%; max-width: 100%; min-height: 100%; max-height: 100%;"
                />
              </div>
            </div>
            新耐性基準
          </th>
          <td>
            新耐震基準では中規模の地震（震度5強程度）でほとんど損傷せず、大規模な地震震度6強～7程度の揺れでも倒壊しないような構造基準が適用されており、安心して住める基準を満たしています。
          </td>
        </tr>
      </tbody>
    </table>
  </section>
</DocumentFragment>
`;

exports[`components/pages/mansions/SeismicSafety 築年月が1983年5月以前だったら何も表示されない 1`] = `
<DocumentFragment>
  <section
    class="container"
  >
    <h3>
      <div
        class="heading"
      >
        <span
          class="inner"
        >
          耐震性
        </span>
      </div>
    </h3>
    <p
      class="info"
    />
    <table
      class="table"
    >
      <tbody>
        <tr>
          <th
            class="hasSafety"
          >
            <div
              class="image"
            >
              <div
                style="display: inline-block; max-width: 100%; overflow: hidden; position: relative; box-sizing: border-box; margin: 0px;"
              >
                <div
                  style="box-sizing: border-box; display: block; max-width: 100%;"
                >
                  <img
                    alt=""
                    aria-hidden="true"
                    src="data:image/svg+xml;base64,PHN2ZyB3aWR0aD0iMzUiIGhlaWdodD0iMzYiIHhtbG5zPSJodHRwOi8vd3d3LnczLm9yZy8yMDAwL3N2ZyIgdmVyc2lvbj0iMS4xIi8+"
                    style="max-width: 100%; display: block; margin: 0px; padding: 0px;"
                  />
                </div>
                <noscript />
                <img
                  alt="旧耐性基準"
                  data-nimg="true"
                  decoding="async"
                  src="data:image/gif;base64,R0lGODlhAQABAIAAAAAAAP///yH5BAEAAAAALAAAAAABAAEAAAIBRAA7"
                  style="position: absolute; top: 0px; left: 0px; bottom: 0px; right: 0px; box-sizing: border-box; padding: 0px; margin: auto; display: block; width: 0px; height: 0px; min-width: 100%; max-width: 100%; min-height: 100%; max-height: 100%;"
                />
              </div>
            </div>
            旧耐性基準
          </th>
          <td>
            中規模の地震（震度５強）程度が発生した際に「建物が倒壊しないこと」を基準に定められています。
            <br />
            耐震性が気になるのであれば、耐震補強工事などを検討してみても良いでしょう。
          </td>
        </tr>
        <tr>
          <th
            class=""
          >
            <div
              class="image"
            >
              <div
                style="display: inline-block; max-width: 100%; overflow: hidden; position: relative; box-sizing: border-box; margin: 0px;"
              >
                <div
                  style="box-sizing: border-box; display: block; max-width: 100%;"
                >
                  <img
                    alt=""
                    aria-hidden="true"
                    src="data:image/svg+xml;base64,PHN2ZyB3aWR0aD0iNDAiIGhlaWdodD0iMzYiIHhtbG5zPSJodHRwOi8vd3d3LnczLm9yZy8yMDAwL3N2ZyIgdmVyc2lvbj0iMS4xIi8+"
                    style="max-width: 100%; display: block; margin: 0px; padding: 0px;"
                  />
                </div>
                <noscript />
                <img
                  alt="新耐性基準"
                  data-nimg="true"
                  decoding="async"
                  src="data:image/gif;base64,R0lGODlhAQABAIAAAAAAAP///yH5BAEAAAAALAAAAAABAAEAAAIBRAA7"
                  style="position: absolute; top: 0px; left: 0px; bottom: 0px; right: 0px; box-sizing: border-box; padding: 0px; margin: auto; display: block; width: 0px; height: 0px; min-width: 100%; max-width: 100%; min-height: 100%; max-height: 100%;"
                />
              </div>
            </div>
            新耐性基準
          </th>
          <td>
            新耐震基準では中規模の地震（震度5強程度）でほとんど損傷せず、大規模な地震震度6強～7程度の揺れでも倒壊しないような構造基準が適用されており、安心して住める基準を満たしています。
          </td>
        </tr>
      </tbody>
    </table>
  </section>
</DocumentFragment>
`;

exports[`components/pages/mansions/SeismicSafety 築年月が1983年6月以降だったら表示される 1`] = `
<DocumentFragment>
  <section
    class="container"
  >
    <h3>
      <div
        class="heading"
      >
        <span
          class="inner"
        >
          耐震性
        </span>
      </div>
    </h3>
    <p
      class="info"
    />
    <table
      class="table"
    >
      <tbody>
        <tr>
          <th
            class=""
          >
            <div
              class="image"
            >
              <div
                style="display: inline-block; max-width: 100%; overflow: hidden; position: relative; box-sizing: border-box; margin: 0px;"
              >
                <div
                  style="box-sizing: border-box; display: block; max-width: 100%;"
                >
                  <img
                    alt=""
                    aria-hidden="true"
                    src="data:image/svg+xml;base64,PHN2ZyB3aWR0aD0iMzUiIGhlaWdodD0iMzYiIHhtbG5zPSJodHRwOi8vd3d3LnczLm9yZy8yMDAwL3N2ZyIgdmVyc2lvbj0iMS4xIi8+"
                    style="max-width: 100%; display: block; margin: 0px; padding: 0px;"
                  />
                </div>
                <noscript />
                <img
                  alt="旧耐性基準"
                  data-nimg="true"
                  decoding="async"
                  src="data:image/gif;base64,R0lGODlhAQABAIAAAAAAAP///yH5BAEAAAAALAAAAAABAAEAAAIBRAA7"
                  style="position: absolute; top: 0px; left: 0px; bottom: 0px; right: 0px; box-sizing: border-box; padding: 0px; margin: auto; display: block; width: 0px; height: 0px; min-width: 100%; max-width: 100%; min-height: 100%; max-height: 100%;"
                />
              </div>
            </div>
            旧耐性基準
          </th>
          <td>
            中規模の地震（震度５強）程度が発生した際に「建物が倒壊しないこと」を基準に定められています。
            <br />
            耐震性が気になるのであれば、耐震補強工事などを検討してみても良いでしょう。
          </td>
        </tr>
        <tr>
          <th
            class="hasSafety"
          >
            <div
              class="image"
            >
              <div
                style="display: inline-block; max-width: 100%; overflow: hidden; position: relative; box-sizing: border-box; margin: 0px;"
              >
                <div
                  style="box-sizing: border-box; display: block; max-width: 100%;"
                >
                  <img
                    alt=""
                    aria-hidden="true"
                    src="data:image/svg+xml;base64,PHN2ZyB3aWR0aD0iNDAiIGhlaWdodD0iMzYiIHhtbG5zPSJodHRwOi8vd3d3LnczLm9yZy8yMDAwL3N2ZyIgdmVyc2lvbj0iMS4xIi8+"
                    style="max-width: 100%; display: block; margin: 0px; padding: 0px;"
                  />
                </div>
                <noscript />
                <img
                  alt="新耐性基準"
                  data-nimg="true"
                  decoding="async"
                  src="data:image/gif;base64,R0lGODlhAQABAIAAAAAAAP///yH5BAEAAAAALAAAAAABAAEAAAIBRAA7"
                  style="position: absolute; top: 0px; left: 0px; bottom: 0px; right: 0px; box-sizing: border-box; padding: 0px; margin: auto; display: block; width: 0px; height: 0px; min-width: 100%; max-width: 100%; min-height: 100%; max-height: 100%;"
                />
              </div>
            </div>
            新耐性基準
          </th>
          <td>
            新耐震基準では中規模の地震（震度5強程度）でほとんど損傷せず、大規模な地震震度6強～7程度の揺れでも倒壊しないような構造基準が適用されており、安心して住める基準を満たしています。
          </td>
        </tr>
      </tbody>
    </table>
  </section>
</DocumentFragment>
`;
