// Jest Snapshot v1, https://goo.gl/fbAQLP

exports[`components/commons/CTAs/CTAs 正常に表示される 1`] = `
<DocumentFragment>
  <section
    class="container pcOnly"
  >
    <button
      class="btn"
    >
      未公開物件の
      <br />
      情報が欲しい
    </button>
    <button
      class="btn"
    >
      複数の不動産会社
      <br />
      に相談したい
    </button>
  </section>
</DocumentFragment>
`;
