// Jest Snapshot v1, https://goo.gl/fbAQLP

exports[`components/commons/CTAs/MembersCTA 正常に表示される 1`] = `
<DocumentFragment>
  <section
    class="container pcOnly"
  >
    <div
      class="cta_offer"
    >
      <p
        class="description"
      >
        ＼ リブシティ神田の未公開物件が多数 ／
      </p>
      <button
        class="btn"
      >
        <span>
          完全
          <br />
          無料
        </span>
        未公開物件の情報が
        <br />
        欲しい方はこちら
      </button>
    </div>
    <div
      class="cta_register"
    >
      <p
        class="description"
      >
        ＼複数の不動産会社に相談ができる！ ／
      </p>
      <button
        class="btn"
      >
        <span>
          完全
          <br />
          無料
        </span>
        会員登録して理想の
        <br />
        マンションを探す
      </button>
    </div>
  </section>
</DocumentFragment>
`;
