// Jest Snapshot v1, https://goo.gl/fbAQLP

exports[`components/pages/mansions/BackLink 正常に表示される 1`] = `
<DocumentFragment>
  <section
    class="container"
  >
    <a
      class="btn"
      href="/cities/13101"
    >
      一覧に戻る
    </a>
  </section>
</DocumentFragment>
`;
