// Jest Snapshot v1, https://goo.gl/fbAQLP

exports[`components/commons/MansionCard 正常に表示される 1`] = `
<DocumentFragment>
  <div
    class="container"
  >
    <div
      class="pcOnly"
    >
      <div
        class="block"
      >
        <button
          class="name"
          href="/mansions/868b97434821477f8dbe33b5"
        >
          <h3>
            レーベンリヴァーレエイセスモバード
          </h3>
        </button>
        <div
          class="columns"
        >
          <ul
            class="table"
          >
            <li
              class="item"
            >
              <p
                class="label"
              >
                物件名
              </p>
              <p
                class="content"
              >
                レーベンリヴァーレエイセスモバード
              </p>
            </li>
            <li
              class="item"
            >
              <p
                class="label"
              >
                中古販売価格
              </p>
              <p
                class="content"
              >
                3,080万円 ~ 3,980万円
              </p>
            </li>
            <li
              class="item"
            >
              <p
                class="label"
              >
                所在地
              </p>
              <p
                class="content"
              >
                神奈川県鎌倉市台５丁目３－４
              </p>
            </li>
            <li
              class="item"
            >
              <p
                class="label"
              >
                沿線・駅
              </p>
              <p
                class="content"
              >
                <span
                  class="highlight"
                >
                  東海道線「大船駅」徒歩15分
                </span>
              </p>
            </li>
            <li
              class="item"
            >
              <p
                class="label"
              >
                占有面積
              </p>
              <p
                class="content"
              >
                66.72㎡ ~ 80.47㎡
              </p>
            </li>
            <li
              class="item"
            >
              <p
                class="label"
              >
                間取り
              </p>
              <p
                class="content"
              >
                2SLDK、3LDK
              </p>
            </li>
            <li
              class="item"
            >
              <p
                class="label"
              >
                築年月
              </p>
              <p
                class="content"
              >
                2012年03月 (築10年)
              </p>
            </li>
            <li
              class="item"
            >
              <p
                class="label"
              >
                総戸数
              </p>
              <p
                class="content"
              >
                86戸
              </p>
            </li>
          </ul>
        </div>
        <button
          class="link"
          href="/mansions/868b97434821477f8dbe33b5"
        >
          この物件の詳細を見る
        </button>
      </div>
    </div>
    <div
      class="spOnly"
    >
      <button
        class="card"
        href="/mansions/868b97434821477f8dbe33b5"
      >
        <h3>
          レーベンリヴァーレエイセスモバード
        </h3>
        <ul>
          <li>
            3,080万円 ~ 3,980万円
          </li>
          <li>
            66.72㎡ ~ 80.47㎡
          </li>
          <li>
            2SLDK、3LDK
          </li>
          <li>
            2012年03月 (築10年)
          </li>
          <li>
            86
          </li>
        </ul>
        <p>
          神奈川県鎌倉市台５丁目３－４
          <br />
          <span
            class="highlight"
          >
            東海道線「大船駅」徒歩15分
          </span>
        </p>
      </button>
    </div>
  </div>
</DocumentFragment>
`;
