// Jest Snapshot v1, https://goo.gl/fbAQLP

exports[`components/pages/mansions/MarketPrice 正常に表示される 1`] = `<DocumentFragment />`;
